export const snapshot = {};

snapshot[`Affinity > whoami > can be called 1`] = `
{
  grant: {
    createdAt: 2000-01-01T00:00:00.000Z,
    scope: "external_api",
    type: "api_key",
  },
  tenant: {
    id: 12345,
    name: "Workspace Name",
    subdomain: "workspace",
  },
  user: {
    email: "first@last.com",
    firstName: "First",
    id: 123456789,
    lastName: "Last",
  },
}
`;

snapshot[`Affinity > rate_limit > can be called 1`] = `
{
  rate: {
    api_key_per_minute: {
      limit: 900,
      remaining: 878,
      reset: 10,
      used: 22,
    },
    org_monthly: {
      limit: Infinity,
      remaining: Infinity,
      reset: 2124845,
      used: 7,
    },
  },
}
`;
